2026-10-08T02:49:11.2383236Z Current runner version: '2.337.0'
2026-10-08T02:49:11.2414474Z ##[group]Runner Image Provisioner
2026-10-08T02:49:11.2415736Z Hosted Compute Agent
2026-10-08T02:49:11.2416672Z Version: 20261002.596
2026-10-08T02:49:11.2417378Z Commit: c3d12f3313a95f25162a1503be624f3b0617f8c0
2026-10-08T02:49:11.2418370Z Build Date: 2026-10-02T22:28:27Z
2026-10-08T02:49:11.2419333Z Worker ID: {d181137b-4e0b-4f00-ad4c-beba67a8adf0}
2026-10-08T02:49:11.2420186Z Region: eastus
2026-10-08T02:49:11.2420817Z Cloud: Azure
2026-10-08T02:49:11.2421556Z ##[endgroup]
2026-10-08T02:49:11.2423439Z ##[group]Operating System
2026-10-08T02:49:11.2424379Z Ubuntu
2026-10-08T02:49:11.2425200Z 24.04.5
2026-10-08T02:49:11.2425819Z LTS
2026-10-08T02:49:11.2427194Z ##[endgroup]
2026-10-08T02:49:11.2428320Z ##[group]Runner Image
2026-10-08T02:49:11.2429361Z Image: ubuntu-24.04
2026-10-08T02:49:11.2429950Z Version: 20261004.327.1
2026-10-08T02:49:11.2431664Z Included Software: https://github.com/actions/runner-images/blob/ubuntu24/20261004.327/images/ubuntu/Ubuntu2404-Readme.md
2026-10-08T02:49:11.2433569Z Image Release: https://github.com/actions/runner-images/releases/tag/ubuntu24%2F20261004.327
2026-10-08T02:49:11.2434854Z ##[endgroup]
2026-10-08T02:49:11.2436520Z ##[group]GITHUB_TOKEN Permissions
2026-10-08T02:49:11.2439438Z Contents: read
2026-10-08T02:49:11.2440105Z Metadata: read
2026-10-08T02:49:11.2440835Z ##[endgroup]
2026-10-08T02:49:11.2443630Z Secret source: Actions
2026-10-08T02:49:11.2444821Z Cache mode: write
2026-10-08T02:49:11.2446444Z Prepare workflow directory
2026-10-08T02:49:11.2896366Z Prepare all required actions
2026-10-08T02:49:11.2969191Z Getting action download info
2026-10-08T02:49:11.5129629Z Download action repository 'actions/checkout@11d5960a326750d5838078e36cf38b85af677262' (SHA:11d5960a326750d5838078e36cf38b85af677262)
2026-10-08T02:49:11.7227685Z Complete job name: disposable
2026-10-08T02:49:11.8028500Z ##[group]Run actions/checkout@11d5960a326750d5838078e36cf38b85af677262
2026-10-08T02:49:11.8029579Z with:
2026-10-08T02:49:11.8030058Z   persist-credentials: false
2026-10-08T02:49:11.8030640Z   repository: Rakesh-Nesta/NestaPrime-Estimator
2026-10-08T02:49:11.8034737Z   token: ***
2026-10-08T02:49:11.8035390Z   ssh-strict: true
2026-10-08T02:49:11.8035834Z   ssh-user: git
2026-10-08T02:49:11.8036263Z   clean: true
2026-10-08T02:49:11.8036716Z   sparse-checkout-cone-mode: true
2026-10-08T02:49:11.8037242Z   fetch-depth: 1
2026-10-08T02:49:11.8037674Z   fetch-tags: false
2026-10-08T02:49:11.8038129Z   show-progress: true
2026-10-08T02:49:11.8038651Z   lfs: false
2026-10-08T02:49:11.8039065Z   submodules: false
2026-10-08T02:49:11.8039517Z   set-safe-directory: true
2026-10-08T02:49:11.8040032Z   allow-unsafe-pr-checkout: false
2026-10-08T02:49:11.8040817Z ##[endgroup]
2026-10-08T02:49:11.9064670Z Syncing repository: Rakesh-Nesta/NestaPrime-Estimator
2026-10-08T02:49:11.9067691Z ##[group]Getting Git version info
2026-10-08T02:49:11.9069066Z Working directory is '/home/runner/work/NestaPrime-Estimator/NestaPrime-Estimator'
2026-10-08T02:49:11.9070967Z [command]/usr/bin/git version
2026-10-08T02:49:11.9148183Z git version 2.55.0
2026-10-08T02:49:11.9183341Z ##[endgroup]
2026-10-08T02:49:11.9191859Z Temporarily overriding HOME='/home/runner/work/_temp/77ad42af-d722-4065-92db-6244b4da12c3' before making global git config changes
2026-10-08T02:49:11.9195222Z Adding repository directory to the temporary git global config as a safe directory
2026-10-08T02:49:11.9198121Z [command]/usr/bin/git config --global --add safe.directory /home/runner/work/NestaPrime-Estimator/NestaPrime-Estimator
2026-10-08T02:49:11.9250609Z Deleting the contents of '/home/runner/work/NestaPrime-Estimator/NestaPrime-Estimator'
2026-10-08T02:49:11.9255488Z ##[group]Initializing the repository
2026-10-08T02:49:11.9259681Z [command]/usr/bin/git init /home/runner/work/NestaPrime-Estimator/NestaPrime-Estimator
2026-10-08T02:49:11.9380490Z hint: Using 'master' as the name for the initial branch. This default branch name
2026-10-08T02:49:11.9382414Z hint: will change to "main" in Git 3.0. To configure the initial branch name
2026-10-08T02:49:11.9384515Z hint: to use in all of your new repositories, which will suppress this warning,
2026-10-08T02:49:11.9386168Z hint: call:
2026-10-08T02:49:11.9387318Z hint:
2026-10-08T02:49:11.9388391Z hint: 	git config --global init.defaultBranch <name>
2026-10-08T02:49:11.9389622Z hint:
2026-10-08T02:49:11.9390716Z hint: Names commonly chosen instead of 'master' are 'main', 'trunk' and
2026-10-08T02:49:11.9392435Z hint: 'development'. The just-created branch can be renamed via this command:
2026-10-08T02:49:11.9393866Z hint:
2026-10-08T02:49:11.9394740Z hint: 	git branch -m <name>
2026-10-08T02:49:11.9395969Z hint:
2026-10-08T02:49:11.9397279Z hint: Disable this message with "git config set advice.defaultBranchName false"
2026-10-08T02:49:11.9399455Z Initialized empty Git repository in /home/runner/work/NestaPrime-Estimator/NestaPrime-Estimator/.git/
2026-10-08T02:49:11.9403342Z [command]/usr/bin/git remote add origin https://github.com/Rakesh-Nesta/NestaPrime-Estimator
2026-10-08T02:49:11.9454787Z ##[endgroup]
2026-10-08T02:49:11.9456531Z ##[group]Disabling automatic garbage collection
2026-10-08T02:49:11.9460081Z [command]/usr/bin/git config --local gc.auto 0
2026-10-08T02:49:11.9498233Z ##[endgroup]
2026-10-08T02:49:11.9499436Z ##[group]Setting up auth
2026-10-08T02:49:11.9505416Z [command]/usr/bin/git config --local --name-only --get-regexp core\.sshCommand
2026-10-08T02:49:11.9547049Z [command]/usr/bin/git submodule foreach --recursive sh -c "git config --local --name-only --get-regexp 'core\.sshCommand' && git config --local --unset-all 'core.sshCommand' || :"
2026-10-08T02:49:11.9959064Z [command]/usr/bin/git config --local --name-only --get-regexp http\.https\:\/\/github\.com\/\.extraheader
2026-10-08T02:49:11.9998537Z [command]/usr/bin/git submodule foreach --recursive sh -c "git config --local --name-only --get-regexp 'http\.https\:\/\/github\.com\/\.extraheader' && git config --local --unset-all 'http.https://github.com/.extraheader' || :"
2026-10-08T02:49:12.0225577Z [command]/usr/bin/git config --local --name-only --get-regexp ^includeIf\.gitdir:
2026-10-08T02:49:12.0261583Z [command]/usr/bin/git submodule foreach --recursive git config --local --show-origin --name-only --get-regexp remote.origin.url
2026-10-08T02:49:12.0489356Z [command]/usr/bin/git config --local http.https://github.com/.extraheader AUTHORIZATION: basic ***
2026-10-08T02:49:12.0531781Z ##[endgroup]
2026-10-08T02:49:12.0532630Z ##[group]Fetching the repository
2026-10-08T02:49:12.0542116Z [command]/usr/bin/git -c protocol.version=2 fetch --no-tags --prune --no-recurse-submodules --depth=1 origin +3f7a74a7a151f14bf2a1f2e256ad947124a288c2:refs/remotes/pull/297/merge
2026-10-08T02:49:12.5560453Z From https://github.com/Rakesh-Nesta/NestaPrime-Estimator
2026-10-08T02:49:12.5562533Z  * [new ref]         3f7a74a7a151f14bf2a1f2e256ad947124a288c2 -> pull/297/merge
2026-10-08T02:49:12.5575646Z ##[endgroup]
2026-10-08T02:49:12.5585148Z ##[group]Determining the checkout info
2026-10-08T02:49:12.5586305Z ##[endgroup]
2026-10-08T02:49:12.5586858Z [command]/usr/bin/git sparse-checkout disable
2026-10-08T02:49:12.5633359Z [command]/usr/bin/git config --local --unset-all extensions.worktreeConfig
2026-10-08T02:49:12.5673799Z ##[group]Checking out the ref
2026-10-08T02:49:12.5678447Z [command]/usr/bin/git checkout --progress --force refs/remotes/pull/297/merge
2026-10-08T02:49:12.6252768Z Note: switching to 'refs/remotes/pull/297/merge'.
2026-10-08T02:49:12.6253463Z 
2026-10-08T02:49:12.6253947Z You are in 'detached HEAD' state. You can look around, make experimental
2026-10-08T02:49:12.6255460Z changes and commit them, and you can discard any commits you make in this
2026-10-08T02:49:12.6256626Z state without impacting any branches by switching back to a branch.
2026-10-08T02:49:12.6257305Z 
2026-10-08T02:49:12.6257802Z If you want to create a new branch to retain commits you create, you may
2026-10-08T02:49:12.6258886Z do so (now or later) by using -c with the switch command. Example:
2026-10-08T02:49:12.6259834Z 
2026-10-08T02:49:12.6260093Z   git switch -c <new-branch-name>
2026-10-08T02:49:12.6260568Z 
2026-10-08T02:49:12.6260811Z Or undo this operation with:
2026-10-08T02:49:12.6261236Z 
2026-10-08T02:49:12.6261440Z   git switch -
2026-10-08T02:49:12.6261744Z 
2026-10-08T02:49:12.6262997Z Turn off this advice by setting config variable advice.detachedHead to false
2026-10-08T02:49:12.6264172Z 
2026-10-08T02:49:12.6266329Z HEAD is now at 3f7a74a Merge 27198b1af2f6df83630caf11f2bb81389891b23c into 17a67113c47075a06234f442a198e272e66eaaf5
2026-10-08T02:49:12.6269724Z ##[endgroup]
2026-10-08T02:49:12.6313483Z [command]/usr/bin/git log -1 --format=%H
2026-10-08T02:49:12.6342258Z 3f7a74a7a151f14bf2a1f2e256ad947124a288c2
2026-10-08T02:49:12.6351911Z ##[group]Removing auth
2026-10-08T02:49:12.6355828Z [command]/usr/bin/git config --local --name-only --get-regexp core\.sshCommand
2026-10-08T02:49:12.6391988Z [command]/usr/bin/git submodule foreach --recursive sh -c "git config --local --name-only --get-regexp 'core\.sshCommand' && git config --local --unset-all 'core.sshCommand' || :"
2026-10-08T02:49:12.6622149Z [command]/usr/bin/git config --local --name-only --get-regexp http\.https\:\/\/github\.com\/\.extraheader
2026-10-08T02:49:12.6652161Z http.https://github.com/.extraheader
2026-10-08T02:49:12.6659714Z [command]/usr/bin/git config --local --unset-all http.https://github.com/.extraheader
2026-10-08T02:49:12.6698712Z [command]/usr/bin/git submodule foreach --recursive sh -c "git config --local --name-only --get-regexp 'http\.https\:\/\/github\.com\/\.extraheader' && git config --local --unset-all 'http.https://github.com/.extraheader' || :"
2026-10-08T02:49:12.6921477Z [command]/usr/bin/git config --local --name-only --get-regexp ^includeIf\.gitdir:
2026-10-08T02:49:12.6956249Z [command]/usr/bin/git submodule foreach --recursive git config --local --show-origin --name-only --get-regexp remote.origin.url
2026-10-08T02:49:12.7178088Z ##[endgroup]
2026-10-08T02:49:12.7420585Z ##[group]Run bash deploy/automation/disposable.sh
2026-10-08T02:49:12.7422054Z bash deploy/automation/disposable.sh
2026-10-08T02:49:12.7709861Z shell: /usr/bin/bash -e {0}
2026-10-08T02:49:12.7710812Z ##[endgroup]
2026-10-08T02:49:12.8664018Z ...
2026-10-08T02:49:12.8665493Z ----------------------------------------------------------------------
2026-10-08T02:49:12.8666795Z Ran 3 tests in 0.006s
2026-10-08T02:49:12.8667237Z 
2026-10-08T02:49:12.8667466Z OK
2026-10-08T02:49:13.0336564Z Unable to find image 'postgres:16' locally
2026-10-08T02:49:13.2904548Z 16: Pulling from library/postgres
2026-10-08T02:49:13.3636528Z ecc510c1e359: Pulling fs layer
2026-10-08T02:49:13.3642132Z 79faf13a8736: Pulling fs layer
2026-10-08T02:49:13.3644755Z 6456bfbf35e7: Pulling fs layer
2026-10-08T02:49:13.3648060Z b353db459ed1: Pulling fs layer
2026-10-08T02:49:13.3650629Z 99f49de4fe2b: Pulling fs layer
2026-10-08T02:49:13.3652504Z 83d1a2a3917c: Pulling fs layer
2026-10-08T02:49:13.3654574Z 715ea0948cb1: Pulling fs layer
2026-10-08T02:49:13.3656921Z 486e8305f56f: Pulling fs layer
2026-10-08T02:49:13.3659085Z e7d675f11ded: Pulling fs layer
2026-10-08T02:49:13.3661187Z c49864c27f35: Pulling fs layer
2026-10-08T02:49:13.3663199Z 770ef8b308ea: Pulling fs layer
2026-10-08T02:49:13.3665386Z 50c25daa0302: Pulling fs layer
2026-10-08T02:49:13.3667926Z 8309db3ae5b6: Pulling fs layer
2026-10-08T02:49:13.3670333Z 9731e27f2541: Pulling fs layer
2026-10-08T02:49:13.3672609Z 8309db3ae5b6: Waiting
2026-10-08T02:49:13.3674814Z 9731e27f2541: Waiting
2026-10-08T02:49:13.3676503Z b353db459ed1: Waiting
2026-10-08T02:49:13.3679000Z 99f49de4fe2b: Waiting
2026-10-08T02:49:13.3680830Z 83d1a2a3917c: Waiting
2026-10-08T02:49:13.3682613Z 715ea0948cb1: Waiting
2026-10-08T02:49:13.3684358Z 486e8305f56f: Waiting
2026-10-08T02:49:13.3686320Z e7d675f11ded: Waiting
2026-10-08T02:49:13.3688403Z c49864c27f35: Waiting
2026-10-08T02:49:13.3690272Z 770ef8b308ea: Waiting
2026-10-08T02:49:13.3692560Z 50c25daa0302: Waiting
2026-10-08T02:49:13.4143497Z 79faf13a8736: Verifying Checksum
2026-10-08T02:49:13.4146468Z 79faf13a8736: Download complete
2026-10-08T02:49:13.4498528Z 6456bfbf35e7: Verifying Checksum
2026-10-08T02:49:13.4501156Z 6456bfbf35e7: Download complete
2026-10-08T02:49:13.4563701Z b353db459ed1: Download complete
2026-10-08T02:49:13.5003043Z 83d1a2a3917c: Verifying Checksum
2026-10-08T02:49:13.5008726Z 83d1a2a3917c: Download complete
2026-10-08T02:49:13.5177848Z ecc510c1e359: Verifying Checksum
2026-10-08T02:49:13.5181168Z ecc510c1e359: Download complete
2026-10-08T02:49:13.5205216Z 99f49de4fe2b: Verifying Checksum
2026-10-08T02:49:13.5208579Z 99f49de4fe2b: Download complete
2026-10-08T02:49:13.5279404Z 715ea0948cb1: Verifying Checksum
2026-10-08T02:49:13.5280996Z 715ea0948cb1: Download complete
2026-10-08T02:49:13.5456485Z 486e8305f56f: Verifying Checksum
2026-10-08T02:49:13.5458465Z 486e8305f56f: Download complete
2026-10-08T02:49:13.5506440Z c49864c27f35: Verifying Checksum
2026-10-08T02:49:13.5508062Z c49864c27f35: Download complete
2026-10-08T02:49:13.5723342Z 770ef8b308ea: Verifying Checksum
2026-10-08T02:49:13.5725842Z 770ef8b308ea: Download complete
2026-10-08T02:49:13.5811470Z 50c25daa0302: Verifying Checksum
2026-10-08T02:49:13.5819475Z 50c25daa0302: Download complete
2026-10-08T02:49:13.6001017Z 8309db3ae5b6: Verifying Checksum
2026-10-08T02:49:13.6002836Z 8309db3ae5b6: Download complete
2026-10-08T02:49:13.6096885Z 9731e27f2541: Download complete
2026-10-08T02:49:13.9569015Z e7d675f11ded: Verifying Checksum
2026-10-08T02:49:13.9571565Z e7d675f11ded: Download complete
2026-10-08T02:49:14.6610702Z ecc510c1e359: Pull complete
2026-10-08T02:49:17.5738061Z 79faf13a8736: Pull complete
2026-10-08T02:49:17.7499875Z 6456bfbf35e7: Pull complete
2026-10-08T02:49:17.7896208Z b353db459ed1: Pull complete
2026-10-08T02:49:18.1009603Z 99f49de4fe2b: Pull complete
2026-10-08T02:49:18.1890921Z 83d1a2a3917c: Pull complete
2026-10-08T02:49:18.1965475Z 715ea0948cb1: Pull complete
2026-10-08T02:49:18.2058344Z 486e8305f56f: Pull complete
2026-10-08T02:49:21.2316775Z e7d675f11ded: Pull complete
2026-10-08T02:49:21.2447270Z c49864c27f35: Pull complete
2026-10-08T02:49:21.2530244Z 770ef8b308ea: Pull complete
2026-10-08T02:49:21.2625639Z 50c25daa0302: Pull complete
2026-10-08T02:49:21.2711696Z 8309db3ae5b6: Pull complete
2026-10-08T02:49:21.2814011Z 9731e27f2541: Pull complete
2026-10-08T02:49:21.2850146Z Digest: sha256:ca0bd484cb98bf4b24eb1010e73fb3fcbd6714d240fbc1a10eea5b7dbecb641d
2026-10-08T02:49:21.2864223Z Status: Downloaded newer image for postgres:16
2026-10-08T02:49:48.7822219Z curl: (56) Recv failure: Connection reset by peer
2026-10-08T02:50:00.1515771Z Unable to find image 'nginx:alpine' locally
2026-10-08T02:50:00.3541453Z alpine: Pulling from library/nginx
2026-10-08T02:50:00.4285809Z e2de96513ba9: Already exists
2026-10-08T02:50:00.4383749Z d9aae54b5831: Pulling fs layer
2026-10-08T02:50:00.4384529Z 6c53d0b2a666: Pulling fs layer
2026-10-08T02:50:00.4385082Z 745dfb2690dd: Pulling fs layer
2026-10-08T02:50:00.4385549Z 9a9a644fdd6a: Pulling fs layer
2026-10-08T02:50:00.4385805Z 64c8194480fe: Pulling fs layer
2026-10-08T02:50:00.4386056Z e76228b47809: Pulling fs layer
2026-10-08T02:50:00.4386299Z e72112c14215: Pulling fs layer
2026-10-08T02:50:00.4386640Z 9a9a644fdd6a: Waiting
2026-10-08T02:50:00.4387015Z e76228b47809: Waiting
2026-10-08T02:50:00.4404162Z 64c8194480fe: Waiting
2026-10-08T02:50:00.4404430Z e72112c14215: Waiting
2026-10-08T02:50:00.4551687Z 6c53d0b2a666: Download complete
2026-10-08T02:50:00.4560277Z 745dfb2690dd: Verifying Checksum
2026-10-08T02:50:00.4561828Z 745dfb2690dd: Download complete
2026-10-08T02:50:00.4769339Z d9aae54b5831: Verifying Checksum
2026-10-08T02:50:00.4771724Z d9aae54b5831: Download complete
2026-10-08T02:50:00.4807641Z 9a9a644fdd6a: Download complete
2026-10-08T02:50:00.4808188Z 64c8194480fe: Verifying Checksum
2026-10-08T02:50:00.4808643Z 64c8194480fe: Download complete
2026-10-08T02:50:00.5034501Z e76228b47809: Verifying Checksum
2026-10-08T02:50:00.5035282Z e76228b47809: Download complete
2026-10-08T02:50:00.5916318Z e72112c14215: Verifying Checksum
2026-10-08T02:50:00.5917561Z e72112c14215: Download complete
2026-10-08T02:50:00.6828931Z d9aae54b5831: Pull complete
2026-10-08T02:50:00.6910773Z 6c53d0b2a666: Pull complete
2026-10-08T02:50:00.6990308Z 745dfb2690dd: Pull complete
2026-10-08T02:50:00.7063419Z 9a9a644fdd6a: Pull complete
2026-10-08T02:50:00.7136124Z 64c8194480fe: Pull complete
2026-10-08T02:50:00.7237902Z e76228b47809: Pull complete
2026-10-08T02:50:01.1602968Z e72112c14215: Pull complete
2026-10-08T02:50:01.1639477Z Digest: sha256:df221db836e1754089190208cee7eeda94f233197056426eda74a43ab1abeac2
2026-10-08T02:50:01.1650876Z Status: Downloaded newer image for nginx:alpine
2026-10-08T02:50:01.3356741Z curl: (56) Recv failure: Connection reset by peer
2026-10-08T02:50:01.7143164Z ##[error]Process completed with exit code 56.
2026-10-08T02:50:01.7296053Z Post job cleanup.
2026-10-08T02:50:01.8146853Z [command]/usr/bin/git version
2026-10-08T02:50:01.8192312Z git version 2.55.0
2026-10-08T02:50:01.8237027Z Temporarily overriding HOME='/home/runner/work/_temp/0bd7d827-13a2-459c-8188-782ee46d1711' before making global git config changes
2026-10-08T02:50:01.8238638Z Adding repository directory to the temporary git global config as a safe directory
2026-10-08T02:50:01.8243260Z [command]/usr/bin/git config --global --add safe.directory /home/runner/work/NestaPrime-Estimator/NestaPrime-Estimator
2026-10-08T02:50:01.8285588Z [command]/usr/bin/git config --local --name-only --get-regexp core\.sshCommand
2026-10-08T02:50:01.8323203Z [command]/usr/bin/git submodule foreach --recursive sh -c "git config --local --name-only --get-regexp 'core\.sshCommand' && git config --local --unset-all 'core.sshCommand' || :"
2026-10-08T02:50:01.8590610Z [command]/usr/bin/git config --local --name-only --get-regexp http\.https\:\/\/github\.com\/\.extraheader
2026-10-08T02:50:01.8629886Z [command]/usr/bin/git submodule foreach --recursive sh -c "git config --local --name-only --get-regexp 'http\.https\:\/\/github\.com\/\.extraheader' && git config --local --unset-all 'http.https://github.com/.extraheader' || :"
2026-10-08T02:50:01.8881234Z [command]/usr/bin/git config --local --name-only --get-regexp ^includeIf\.gitdir:
2026-10-08T02:50:01.8927948Z [command]/usr/bin/git submodule foreach --recursive git config --local --show-origin --name-only --get-regexp remote.origin.url
2026-10-08T02:50:01.9351099Z Cleaning up orphan processes
2026-10-08T02:50:01.9750647Z ##[warning]Node.js 20 is deprecated. The following actions target Node.js 20 but are being forced to run on Node.js 24: actions/checkout@11d5960a326750d5838078e36cf38b85af677262. For more information see: https://github.blog/changelog/2025-09-19-deprecation-of-node-20-on-github-actions-runners/
